#-----------------------------------------------------------
# Vivado v2024.2.1 (64-bit)
# SW Build 5266912 on Sun Dec 15 09:03:31 MST 2024
# IP Build 5264866 on Sun Dec 15 16:27:47 MST 2024
# SharedData Build 5264680 on Wed Dec 11 12:48:36 MST 2024
# Start of session at: Sat Jan 25 18:54:23 2025
# Process ID         : 39417
# Current directory  : /home/cad/prj_eda/fpga/dsl_basys_stopwatch/dsl_basys_stopwatch.runs/synth_1
# Command line       : vivado -log top_module.vds -product Vivado -mode batch -messageDb vivado.pb -notrace -source top_module.tcl
# Log file           : /home/cad/prj_eda/fpga/dsl_basys_stopwatch/dsl_basys_stopwatch.runs/synth_1/top_module.vds
# Journal file       : /home/cad/prj_eda/fpga/dsl_basys_stopwatch/dsl_basys_stopwatch.runs/synth_1/vivado.jou
# Running On         : openeda
# Platform           : Ubuntu
# Operating System   : Ubuntu 22.04.4 LTS
# Processor Detail   : Intel(R) Core(TM) i7-10750H CPU @ 2.60GHz
# CPU Frequency      : 2592.007 MHz
# CPU Physical cores : 12
# CPU Logical cores  : 12
# Host memory        : 36606 MB
# Swap memory        : 34359 MB
# Total Virtual      : 70966 MB
# Available Virtual  : 67961 MB
#-----------------------------------------------------------
source top_module.tcl -notrace
